App_Phoenix.tsx(2,29): error TS2307: Cannot find module './context/AppContext.tsx' or its corresponding type declarations.
components/AdminView.tsx(3,37): error TS2307: Cannot find module '../constants' or its corresponding type declarations.
components/Daniel/DanielView_Daniel.tsx(2,31): error TS2307: Cannot find module '../../context/AppContext.tsx' or its corresponding type declarations.
components/Daniel/DanielView_Daniel.tsx(3,18): error TS2307: Cannot find module '../ui/Card.tsx' or its corresponding type declarations.
components/Daniel/DanielView_Daniel.tsx(4,20): error TS2307: Cannot find module '../ui/Button.tsx' or its corresponding type declarations.
components/Daniel/DanielView_Daniel.tsx(5,19): error TS2307: Cannot find module '../ui/Modal.tsx' or its corresponding type declarations.
components/Daniel/DanielView_Daniel.tsx(6,59): error TS2307: Cannot find module '../../services/woundAnalysis.service.ts' or its corresponding type declarations.
components/Daniel/DanielView_Daniel.tsx(7,46): error TS2307: Cannot find module '../../types.ts' or its corresponding type declarations.
components/Daniel/DanielView_Daniel.tsx(8,23): error TS2307: Cannot find module '../../constants.tsx' or its corresponding type declarations.
components/Daniel/DanielView_Daniel.tsx(9,32): error TS2307: Cannot find module '../WoundClinic/WoundClinicConsole' or its corresponding type declarations.
components/Daniel/DanielView_Daniel.tsx(26,44): error TS7006: Parameter 'p' implicitly has an 'any' type.
components/Daniel/DanielView_Daniel.tsx(27,41): error TS7006: Parameter 'w' implicitly has an 'any' type.
components/Daniel/DanielView_Daniel.tsx(164,39): error TS7006: Parameter 'w' implicitly has an 'any' type.
components/Daniel/DanielView_Daniel.tsx(247,76): error TS7006: Parameter 'p' implicitly has an 'any' type.
components/Daniel/DanielView_Daniel.tsx(295,61): error TS7006: Parameter 'p' implicitly has an 'any' type.
components/Daniel/DanielView_Daniel.tsx(361,61): error TS7006: Parameter 'sum' implicitly has an 'any' type.
components/Daniel/DanielView_Daniel.tsx(361,66): error TS7006: Parameter 'w' implicitly has an 'any' type.
components/Dashboard.tsx(5,24): error TS2307: Cannot find module './Daniel/DanielView' or its corresponding type declarations.
components/Dashboard.tsx(7,32): error TS2307: Cannot find module './WoundClinic/WoundClinicConsole' or its corresponding type declarations.
components/Dashboard.tsx(12,31): error TS2307: Cannot find module '../context/AppContext' or its corresponding type declarations.
components/Dashboard.tsx(15,31): error TS2307: Cannot find module '../hooks/usePWAInstall' or its corresponding type declarations.
components/Dashboard.tsx(32,16): error TS2307: Cannot find module '../utils/safeCore' or its corresponding type declarations.
components/HandoverForm.tsx(4,31): error TS2307: Cannot find module '../context/AppContext' or its corresponding type declarations.
components/HandoverForm.tsx(5,30): error TS2307: Cannot find module '../types.ts' or its corresponding type declarations.
components/HandoverForm.tsx(6,18): error TS2307: Cannot find module './ui/Card' or its corresponding type declarations.
components/HandoverForm.tsx(7,20): error TS2307: Cannot find module './ui/Button' or its corresponding type declarations.
components/HandoverForm.tsx(8,19): error TS2307: Cannot find module './ui/Input' or its corresponding type declarations.
components/HandoverForm.tsx(9,20): error TS2307: Cannot find module './ui/Select' or its corresponding type declarations.
components/HandoverForm.tsx(10,80): error TS2307: Cannot find module '../constants' or its corresponding type declarations.
components/HandoverForm.tsx(337,35): error TS7006: Parameter 'e' implicitly has an 'any' type.
components/HandoverForm.tsx(345,39): error TS7006: Parameter 'e' implicitly has an 'any' type.
components/HandoverForm.tsx(353,39): error TS7006: Parameter 'e' implicitly has an 'any' type.
components/HandoverForm.tsx(361,39): error TS7006: Parameter 'e' implicitly has an 'any' type.
components/HandoverForm.tsx(385,39): error TS7006: Parameter 'e' implicitly has an 'any' type.
components/HandoverForm.tsx(392,39): error TS7006: Parameter 'e' implicitly has an 'any' type.
components/HandoverForm.tsx(401,84): error TS7006: Parameter 'e' implicitly has an 'any' type.
components/HandoverForm.tsx(402,97): error TS7006: Parameter 'e' implicitly has an 'any' type.
components/HandoverForm.tsx(403,92): error TS7006: Parameter 'e' implicitly has an 'any' type.
components/HandoverForm.tsx(409,112): error TS7006: Parameter 'e' implicitly has an 'any' type.
components/HandoverForm.tsx(420,98): error TS7006: Parameter 'e' implicitly has an 'any' type.
components/HandoverForm.tsx(465,74): error TS7006: Parameter 'item' implicitly has an 'any' type.
components/HandoverForm.tsx(465,80): error TS7006: Parameter 'index' implicitly has an 'any' type.
components/HandoverForm.tsx(498,90): error TS7006: Parameter 'e' implicitly has an 'any' type.
components/HandoverForm.tsx(499,82): error TS7006: Parameter 'e' implicitly has an 'any' type.
components/HandoverForm.tsx(503,89): error TS7006: Parameter 'e' implicitly has an 'any' type.
components/HandoverForm.tsx(512,35): error TS7006: Parameter 'e' implicitly has an 'any' type.
components/HandoverForm.tsx(520,35): error TS7006: Parameter 'e' implicitly has an 'any' type.
components/HandoverForm.tsx(552,78): error TS7006: Parameter 'e' implicitly has an 'any' type.
components/HandoverForm.tsx(553,79): error TS7006: Parameter 'e' implicitly has an 'any' type.
components/HandoverForm.tsx(554,88): error TS7006: Parameter 'e' implicitly has an 'any' type.
components/HandoverForm.tsx(555,94): error TS7006: Parameter 'e' implicitly has an 'any' type.
components/HandoverForm.tsx(564,35): error TS7006: Parameter 'e' implicitly has an 'any' type.
components/HandoverForm.tsx(572,35): error TS7006: Parameter 'e' implicitly has an 'any' type.
components/HandoverForm.tsx(606,83): error TS7006: Parameter 'e' implicitly has an 'any' type.
components/HandoverForm.tsx(607,94): error TS7006: Parameter 'e' implicitly has an 'any' type.
components/HandoverForm.tsx(616,35): error TS7006: Parameter 'e' implicitly has an 'any' type.
components/HandoverForm.tsx(624,35): error TS7006: Parameter 'e' implicitly has an 'any' type.
components/Login.tsx(2,31): error TS2307: Cannot find module '../context/AppContext' or its corresponding type declarations.
components/Login.tsx(3,19): error TS2307: Cannot find module './ui/Input' or its corresponding type declarations.
components/Login.tsx(4,20): error TS2307: Cannot find module './ui/Button' or its corresponding type declarations.
components/Login.tsx(5,23): error TS2307: Cannot find module '../constants' or its corresponding type declarations.
components/Login.tsx(24,33): error TS7006: Parameter 'u' implicitly has an 'any' type.
components/MapView.tsx(3,31): error TS2307: Cannot find module '../context/AppContext' or its corresponding type declarations.
components/MapView.tsx(4,25): error TS2307: Cannot find module '../types.ts' or its corresponding type declarations.
components/MapView.tsx(5,18): error TS2307: Cannot find module './ui/Card' or its corresponding type declarations.
components/MapView.tsx(6,48): error TS2307: Cannot find module '../constants' or its corresponding type declarations.
components/MapView.tsx(7,20): error TS2307: Cannot find module './ui/Button' or its corresponding type declarations.
components/MapView.tsx(8,35): error TS2307: Cannot find module '../utils/geolocation.ts' or its corresponding type declarations.
components/MapView.tsx(366,44): error TS7006: Parameter 'p' implicitly has an 'any' type.
components/Navbar.tsx(3,31): error TS2307: Cannot find module '../context/AppContext' or its corresponding type declarations.
components/Navbar.tsx(4,23): error TS2307: Cannot find module '../constants' or its corresponding type declarations.
components/OnboardingTour.tsx(3,19): error TS2307: Cannot find module './ui/Modal' or its corresponding type declarations.
components/OnboardingTour.tsx(4,20): error TS2307: Cannot find module './ui/Button' or its corresponding type declarations.
components/PatientCard.tsx(2,39): error TS2307: Cannot find module '../types.ts' or its corresponding type declarations.
components/PatientCard.tsx(3,20): error TS2307: Cannot find module './ui/Button.tsx' or its corresponding type declarations.
components/PatientCard.tsx(4,31): error TS2307: Cannot find module '../context/AppContext.tsx' or its corresponding type declarations.
components/PatientCard.tsx(5,30): error TS2307: Cannot find module '../constants.tsx' or its corresponding type declarations.
components/PatientCard.tsx(6,19): error TS2307: Cannot find module './ui/Modal.tsx' or its corresponding type declarations.
components/PatientIntakeForm.tsx(3,46): error TS2307: Cannot find module '../types.ts' or its corresponding type declarations.
components/PatientIntakeForm.tsx(4,31): error TS2307: Cannot find module '../context/AppContext' or its corresponding type declarations.
components/PatientIntakeForm.tsx(5,19): error TS2307: Cannot find module './ui/Input' or its corresponding type declarations.
components/PatientIntakeForm.tsx(6,20): error TS2307: Cannot find module './ui/Select' or its corresponding type declarations.
components/PatientIntakeForm.tsx(7,20): error TS2307: Cannot find module './ui/Button' or its corresponding type declarations.
components/PatientIntakeForm.tsx(8,18): error TS2307: Cannot find module './ui/Card' or its corresponding type declarations.
components/PatientIntakeForm.tsx(9,209): error TS2307: Cannot find module '../constants' or its corresponding type declarations.
components/PatientIntakeForm.tsx(10,68): error TS2307: Cannot find module '../utils/geolocation.ts' or its corresponding type declarations.
components/PatientIntakeForm.tsx(269,112): error TS7006: Parameter 'e' implicitly has an 'any' type.
components/PatientIntakeForm.tsx(270,89): error TS7006: Parameter 'e' implicitly has an 'any' type.
components/PatientIntakeForm.tsx(271,111): error TS7006: Parameter 'e' implicitly has an 'any' type.
components/PatientIntakeForm.tsx(274,106): error TS7006: Parameter 'e' implicitly has an 'any' type.
components/PatientIntakeForm.tsx(282,35): error TS7006: Parameter 'e' implicitly has an 'any' type.
components/PatientIntakeForm.tsx(288,135): error TS7006: Parameter 'e' implicitly has an 'any' type.
components/PatientIntakeForm.tsx(295,96): error TS7006: Parameter 'e' implicitly has an 'any' type.
components/PatientIntakeForm.tsx(298,94): error TS7006: Parameter 'e' implicitly has an 'any' type.
components/PatientIntakeForm.tsx(299,114): error TS7006: Parameter 'e' implicitly has an 'any' type.
components/PatientIntakeForm.tsx(300,110): error TS7006: Parameter 'e' implicitly has an 'any' type.
components/PatientIntakeForm.tsx(316,113): error TS7006: Parameter 'e' implicitly has an 'any' type.
components/PatientIntakeForm.tsx(317,107): error TS7006: Parameter 'e' implicitly has an 'any' type.
components/PatientIntakeForm.tsx(318,88): error TS7006: Parameter 'e' implicitly has an 'any' type.
components/PatientIntakeForm.tsx(326,128): error TS7006: Parameter 'e' implicitly has an 'any' type.
components/PatientIntakeForm.tsx(352,129): error TS7006: Parameter 'e' implicitly has an 'any' type.
components/PatientIntakeForm.tsx(353,103): error TS7006: Parameter 'e' implicitly has an 'any' type.
components/PatientIntakeForm.tsx(361,118): error TS7006: Parameter 'e' implicitly has an 'any' type.
components/PatientIntakeForm.tsx(363,116): error TS7006: Parameter 'e' implicitly has an 'any' type.
components/PatientIntakeForm.tsx(368,129): error TS7006: Parameter 'e' implicitly has an 'any' type.
components/PatientIntakeForm.tsx(373,120): error TS7006: Parameter 'e' implicitly has an 'any' type.
components/PatientIntakeForm.tsx(374,130): error TS7006: Parameter 'e' implicitly has an 'any' type.
components/PatientIntakeForm.tsx(382,106): error TS7006: Parameter 'e' implicitly has an 'any' type.
components/PatientIntakeForm.tsx(389,101): error TS7006: Parameter 'e' implicitly has an 'any' type.
components/PatientIntakeForm.tsx(390,107): error TS7006: Parameter 'e' implicitly has an 'any' type.
components/PatientIntakeForm.tsx(397,127): error TS7006: Parameter 'e' implicitly has an 'any' type.
components/PatientIntakeForm.tsx(403,96): error TS7006: Parameter 'e' implicitly has an 'any' type.
components/PatientList.tsx(2,25): error TS2307: Cannot find module '../types.ts' or its corresponding type declarations.
components/PatientList.tsx(3,31): error TS2307: Cannot find module '../context/AppContext' or its corresponding type declarations.
components/PatientList.tsx(4,20): error TS2307: Cannot find module './ui/Button' or its corresponding type declarations.
components/PatientList.tsx(5,18): error TS2307: Cannot find module './ui/Card' or its corresponding type declarations.
components/PatientList.tsx(6,19): error TS2307: Cannot find module './ui/Modal' or its corresponding type declarations.
components/PatientList.tsx(9,34): error TS2307: Cannot find module '../constants' or its corresponding type declarations.
components/PatientList.tsx(10,19): error TS2307: Cannot find module './ui/Input' or its corresponding type declarations.
components/PatientList.tsx(97,32): error TS7006: Parameter 'e' implicitly has an 'any' type.
components/PatientList.tsx(104,36): error TS7006: Parameter 'prog' implicitly has an 'any' type.
components/ProductionOrderView.tsx(2,31): error TS2307: Cannot find module '../context/AppContext.tsx' or its corresponding type declarations.
components/ProductionOrderView.tsx(3,75): error TS2307: Cannot find module '../constants.tsx' or its corresponding type declarations.
components/ProductionOrderView.tsx(4,18): error TS2307: Cannot find module './ui/Card.tsx' or its corresponding type declarations.
components/ProductionOrderView.tsx(5,20): error TS2307: Cannot find module './ui/Button.tsx' or its corresponding type declarations.
components/ProductionOrderView.tsx(6,19): error TS2307: Cannot find module './ui/Input.tsx' or its corresponding type declarations.
components/ProductionOrderView.tsx(184,86): error TS7006: Parameter 'riskMed' implicitly has an 'any' type.
components/ProfileView.tsx(3,31): error TS2307: Cannot find module '../context/AppContext' or its corresponding type declarations.
components/ProfileView.tsx(4,18): error TS2307: Cannot find module './ui/Card' or its corresponding type declarations.
components/ProfileView.tsx(5,19): error TS2307: Cannot find module './ui/Input' or its corresponding type declarations.
components/ProfileView.tsx(6,20): error TS2307: Cannot find module './ui/Button' or its corresponding type declarations.
components/ProfileView.tsx(95,35): error TS7006: Parameter 'e' implicitly has an 'any' type.
components/ProfileView.tsx(102,35): error TS7006: Parameter 'e' implicitly has an 'any' type.
components/ProfileView.tsx(109,35): error TS7006: Parameter 'e' implicitly has an 'any' type.
components/Register.tsx(2,22): error TS2307: Cannot find module '../types.ts' or its corresponding type declarations.
components/Register.tsx(3,19): error TS2307: Cannot find module './ui/Input.tsx' or its corresponding type declarations.
components/Register.tsx(4,20): error TS2307: Cannot find module './ui/Button.tsx' or its corresponding type declarations.
components/Register.tsx(5,55): error TS2307: Cannot find module '../constants.tsx' or its corresponding type declarations.
components/Register.tsx(6,20): error TS2307: Cannot find module './ui/Select.tsx' or its corresponding type declarations.
components/Register.tsx(7,31): error TS2307: Cannot find module '../context/AppContext.tsx' or its corresponding type declarations.
components/Register.tsx(142,62): error TS7006: Parameter 'role' implicitly has an 'any' type.
components/RoutePlanner.tsx(3,31): error TS2307: Cannot find module '../context/AppContext' or its corresponding type declarations.
components/RoutePlanner.tsx(4,31): error TS2307: Cannot find module '../types.ts' or its corresponding type declarations.
components/RoutePlanner.tsx(5,18): error TS2307: Cannot find module './ui/Card' or its corresponding type declarations.
components/RoutePlanner.tsx(6,20): error TS2307: Cannot find module './ui/Button' or its corresponding type declarations.
components/RoutePlanner.tsx(7,19): error TS2307: Cannot find module './ui/Input' or its corresponding type declarations.
components/RoutePlanner.tsx(8,20): error TS2307: Cannot find module './ui/Select' or its corresponding type declarations.
components/RoutePlanner.tsx(9,74): error TS2307: Cannot find module '../constants' or its corresponding type declarations.
components/RoutePlanner.tsx(10,53): error TS2307: Cannot find module '../utils/geolocation.ts' or its corresponding type declarations.
components/RoutePlanner.tsx(51,29): error TS7006: Parameter 'u' implicitly has an 'any' type.
components/RoutePlanner.tsx(69,58): error TS7006: Parameter 'excludedName' implicitly has an 'any' type.
components/RoutePlanner.tsx(79,27): error TS7006: Parameter 'u' implicitly has an 'any' type.
components/RoutePlanner.tsx(131,21): error TS7006: Parameter 'n' implicitly has an 'any' type.
components/RoutePlanner.tsx(132,20): error TS7006: Parameter 'a' implicitly has an 'any' type.
components/RoutePlanner.tsx(132,23): error TS7006: Parameter 'b' implicitly has an 'any' type.
components/RoutePlanner.tsx(146,37): error TS18046: 'roles' is of type 'unknown'.
components/RoutePlanner.tsx(259,32): error TS7006: Parameter 'p' implicitly has an 'any' type.
components/RoutePlanner.tsx(300,45): error TS7006: Parameter 'p' implicitly has an 'any' type.
components/RoutePlanner.tsx(411,71): error TS7006: Parameter 'e' implicitly has an 'any' type.
components/RoutePlanner.tsx(433,45): error TS7006: Parameter 's' implicitly has an 'any' type.
components/RoutePlanner.tsx(491,43): error TS7006: Parameter 'e' implicitly has an 'any' type.
components/RoutePlanner.tsx(496,56): error TS7006: Parameter 'p' implicitly has an 'any' type.
components/ScheduleView.tsx(3,31): error TS2307: Cannot find module '../context/AppContext' or its corresponding type declarations.
components/ScheduleView.tsx(4,25): error TS2307: Cannot find module '../types.ts' or its corresponding type declarations.
components/ScheduleView.tsx(5,18): error TS2307: Cannot find module './ui/Card' or its corresponding type declarations.
components/ScheduleView.tsx(6,30): error TS2307: Cannot find module '../constants' or its corresponding type declarations.
components/StaffManagement.tsx(3,31): error TS2307: Cannot find module '../context/AppContext' or its corresponding type declarations.
components/StaffManagement.tsx(4,22): error TS2307: Cannot find module '../types.ts' or its corresponding type declarations.
components/StaffManagement.tsx(5,18): error TS2307: Cannot find module './ui/Card' or its corresponding type declarations.
components/StaffManagement.tsx(6,19): error TS2307: Cannot find module './ui/Input' or its corresponding type declarations.
components/StaffManagement.tsx(7,20): error TS2307: Cannot find module './ui/Select' or its corresponding type declarations.
components/StaffManagement.tsx(8,20): error TS2307: Cannot find module './ui/Button' or its corresponding type declarations.
components/StaffManagement.tsx(9,44): error TS2307: Cannot find module '../constants' or its corresponding type declarations.
components/StaffManagement.tsx(103,82): error TS7006: Parameter 'e' implicitly has an 'any' type.
components/StaffManagement.tsx(104,85): error TS7006: Parameter 'e' implicitly has an 'any' type.
components/StaffManagement.tsx(105,89): error TS7006: Parameter 'e' implicitly has an 'any' type.
components/StaffManagement.tsx(106,105): error TS7006: Parameter 'e' implicitly has an 'any' type.
components/StaffManagement.tsx(109,94): error TS7006: Parameter 'e' implicitly has an 'any' type.
components/StaffManagement.tsx(116,107): error TS7006: Parameter 'e' implicitly has an 'any' type.
components/StaffManagement.tsx(117,101): error TS7006: Parameter 'e' implicitly has an 'any' type.
components/StaffManagement.tsx(120,122): error TS7006: Parameter 'e' implicitly has an 'any' type.
components/StaffManagement.tsx(152,49): error TS7006: Parameter 'u' implicitly has an 'any' type.
components/ui/Modal_ui.tsx(2,23): error TS2307: Cannot find module '../../constants' or its corresponding type declarations.
components/WoundClinic/WoundClinicConsole_WoundClinic.tsx(2,28): error TS2307: Cannot find module '../../utils/api_client.ts' or its corresponding type declarations.
components/WoundClinic/WoundClinicConsole_WoundClinic.tsx(3,31): error TS2307: Cannot find module '../../utils/cameraAdapter.ts' or its corresponding type declarations.
components/WoundRegistry.tsx(2,31): error TS2307: Cannot find module '../context/AppContext.tsx' or its corresponding type declarations.
components/WoundRegistry.tsx(3,38): error TS2307: Cannot find module '../types.ts' or its corresponding type declarations.
components/WoundRegistry.tsx(4,18): error TS2307: Cannot find module './ui/Card.tsx' or its corresponding type declarations.
components/WoundRegistry.tsx(5,20): error TS2307: Cannot find module './ui/Button.tsx' or its corresponding type declarations.
components/WoundRegistry.tsx(6,19): error TS2307: Cannot find module './ui/Modal.tsx' or its corresponding type declarations.
components/WoundRegistry.tsx(7,19): error TS2307: Cannot find module './ui/Input.tsx' or its corresponding type declarations.
components/WoundRegistry.tsx(8,20): error TS2307: Cannot find module './ui/Select.tsx' or its corresponding type declarations.
components/WoundRegistry.tsx(9,71): error TS2307: Cannot find module '../constants.tsx' or its corresponding type declarations.
components/WoundRegistry.tsx(28,30): error TS7006: Parameter 'wound' implicitly has an 'any' type.
components/WoundRegistry.tsx(64,39): error TS7006: Parameter 'p' implicitly has an 'any' type.
components/WoundRegistry.tsx(94,32): error TS7006: Parameter 'e' implicitly has an 'any' type.
components/WoundRegistry.tsx(97,35): error TS7006: Parameter 'p' implicitly has an 'any' type.
components/WoundRegistry.tsx(106,32): error TS7006: Parameter 'e' implicitly has an 'any' type.
components/WoundRegistry.tsx(127,36): error TS7006: Parameter 'e' implicitly has an 'any' type.
components/WoundRegistry.tsx(131,42): error TS7006: Parameter 'p' implicitly has an 'any' type.
components/WoundRegistry.tsx(131,74): error TS7006: Parameter 'p' implicitly has an 'any' type.
components/WoundRegistry.tsx(140,36): error TS7006: Parameter 'e' implicitly has an 'any' type.
components/WoundRegistry.tsx(144,42): error TS7006: Parameter 'type' implicitly has an 'any' type.
components/WoundRegistry.tsx(153,36): error TS7006: Parameter 'e' implicitly has an 'any' type.
components/WoundRegistry.tsx(157,46): error TS7006: Parameter 'loc' implicitly has an 'any' type.
components/WoundRegistry.tsx(167,36): error TS7006: Parameter 'e' implicitly has an 'any' type.
components/WoundRegistry.tsx(184,65): error TS7006: Parameter 'wound' implicitly has an 'any' type.
context/AppContext_context.tsx(2,72): error TS2307: Cannot find module '../types' or its corresponding type declarations.
context/AppContext_context.tsx(3,38): error TS2307: Cannot find module '../data/collaborators.ts' or its corresponding type declarations.
context/AppContext_context.tsx(4,36): error TS2307: Cannot find module '../data/patients.ts' or its corresponding type declarations.
data/collaborators_data.ts(2,22): error TS2307: Cannot find module '../types.ts' or its corresponding type declarations.
data/patients_data.ts(3,25): error TS2307: Cannot find module '../types.ts' or its corresponding type declarations.
main_Phoenix.tsx(3,17): error TS2307: Cannot find module './App' or its corresponding type declarations.
src/App.tsx(2,44): error TS2307: Cannot find module '../context/AppContext' or its corresponding type declarations.
utils/api_client_utils.ts(2,28): error TS2307: Cannot find module './safeCore.ts' or its corresponding type declarations.
